
> pridepromart@0.1.0 dev
> next dev

▲ Next.js 16.2.6 (Turbopack)
- Local:         http://localhost:3000
- Network:       http://192.168.1.4:3000
- Environments: .env.local
✓ Ready in 1411ms

 GET / 200 in 3.7s (next.js: 1518ms, application-code: 2.2s)
 GET / 200 in 251ms (next.js: 16ms, application-code: 234ms)
 GET /api/categories 200 in 1032ms (next.js: 432ms, application-code: 600ms)
 GET /api/products 200 in 607ms (next.js: 107ms, application-code: 501ms)
 GET /api/categories 200 in 189ms (next.js: 7ms, application-code: 182ms)
 GET /api/products 200 in 190ms (next.js: 6ms, application-code: 184ms)
 GET /api/categories 200 in 192ms (next.js: 11ms, application-code: 181ms)
 GET /api/products 200 in 189ms (next.js: 6ms, application-code: 183ms)
 GET /api/categories 200 in 186ms (next.js: 6ms, application-code: 180ms)
 GET /api/products 200 in 196ms (next.js: 8ms, application-code: 188ms)
 GET /api/categories 200 in 188ms (next.js: 6ms, application-code: 182ms)
 GET /api/products 200 in 189ms (next.js: 5ms, application-code: 184ms)
 GET /api/categories 200 in 179ms (next.js: 6ms, application-code: 173ms)
 GET /api/products 200 in 179ms (next.js: 4ms, application-code: 175ms)
 GET /api/categories 200 in 183ms (next.js: 13ms, application-code: 171ms)
 GET /api/products 200 in 194ms (next.js: 8ms, application-code: 185ms)
 GET /api/categories 200 in 175ms (next.js: 8ms, application-code: 167ms)
 GET /api/products 200 in 195ms (next.js: 7ms, application-code: 188ms)
 GET /api/categories 200 in 197ms (next.js: 15ms, application-code: 182ms)
 GET /api/products 200 in 184ms (next.js: 6ms, application-code: 178ms)
 GET /api/categories 200 in 205ms (next.js: 26ms, application-code: 179ms)
 GET /api/products 200 in 186ms (next.js: 5ms, application-code: 181ms)
 GET /api/categories 200 in 178ms (next.js: 10ms, application-code: 168ms)
 GET /api/products 200 in 198ms (next.js: 18ms, application-code: 180ms)
 GET /api/categories 200 in 186ms (next.js: 4ms, application-code: 182ms)
 GET /api/products 200 in 177ms (next.js: 5ms, application-code: 172ms)
 GET / 200 in 149ms (next.js: 7ms, application-code: 142ms)

D:\CascadeProjects\portfolio\Ecom  Web\pridepromart>